// Jest Snapshot v1, https://goo.gl/fbAQLP

exports[`<App /> should render the App component 1`] = `
<DocumentFragment>
  <div
    class="app"
  >
    <div
      class="font-display flex h-screen bg-gray-50"
    >
      <div
        class="min-h-screen mx-auto"
      >
        <form
          class="card align-middle rounded-lg mt-52 container md:p-24 bg-white"
        >
          <div
            class="mx-auto"
          >
            <p
              class="pb-6 -mt-2 text-xl text-center"
            >
              Sign In
            </p>
          </div>
          <div
            class="login-form"
          >
            <input
              class="shadow-sm appearance-none focus:border-white border border-gray-100 rounded w-full py-2 mt-2 input"
              name="username"
              placeholder="username"
              type="text"
            />
            <input
              class="shadow-sm appearance-none focus:border-white border border-gray-100 rounded w-full py-2 mt-2 input"
              name="password"
              placeholder="password"
              type="password"
            />
            <input
              class="focus: shadow-sm w-full mt-6 btn bg-green-600 rounded text-white p-2"
              type="submit"
              value="Sign in"
            />
          </div>
        </form>
      </div>
    </div>
  </div>
</DocumentFragment>
`;
